                                   MODFLOW 6
                U.S. GEOLOGICAL SURVEY MODULAR HYDROLOGIC MODEL
                          GROUNDWATER FLOW MODEL (GWF)
                            VERSION 6.4.2 06/28/2023

   MODFLOW 6 compiled Jun 28 2023 18:41:13 with Intel(R) Fortran Intel(R) 64
   Compiler Classic for applications running on Intel(R) 64, Version 2021.7.0
                             Build 20220726_000000

This software has been approved for release by the U.S. Geological 
Survey (USGS). Although the software has been subjected to rigorous 
review, the USGS reserves the right to update the software as needed 
pursuant to further analysis and review. No warranty, expressed or 
implied, is made by the USGS or the U.S. Government as to the 
functionality of the software and related material nor shall the 
fact of release constitute any such warranty. Furthermore, the 
software is released on condition that neither the USGS nor the U.S. 
Government shall be held liable for any damages resulting from its 
authorized or unauthorized use. Also refer to the USGS Water 
Resources Software User Rights Notice for complete use, copyright, 
and distribution information.


As a work of the United States Government, this USGS product is 
in the public domain within the United States. You can copy, 
modify, distribute, and perform the work, even for commercial 
purposes, all without asking permission. Additionally, USGS 
waives copyright and related rights in the work worldwide 
through CC0 1.0 Universal Public Domain Dedication 
(https://creativecommons.org/publicdomain/zero/1.0/).

The following GNU Lesser General Public License (LGPL) libraries
are used in this USGS product:

    SPARSKIT version 2.0
      ilut, luson, and qsplit 
      (https://www-users.cse.umn.edu/~saad/software/SPARSKIT/)

    RCM - Reverse Cuthill McKee Ordering
      (https://people.math.sc.edu/Burkardt/f_src/rcm/rcm.html)

    BLAS - Basic Linear Algebra Subprograms Level 1
      (https://people.math.sc.edu/Burkardt/f_src/blas1_d/blas1_d.html)

    SPARSEKIT - Sparse Matrix Utility Package
      amux, dperm, dvperm, rperm, and cperm
      (https://people.sc.fsu.edu/~jburkardt/f77_src/sparsekit/sparsekit.html)

The following BSD-3 License libraries are used in this USGS product:

    Modern Fortran DAG Library
      Copyright (c) 2018, Jacob Williams
      All rights reserved.
      (https://github.com/jacobwilliams/daglib)

MODFLOW 6 compiler options: /Isrc\libmf6core.a.p /Isrc /I..\src
/Isrc\libmf6_external.a.p /MTd /nologo /warn:general /warn:truncated_source
/stand:f08 /Zi /traceback /O2 /fpe:0 /heap-arrays:0 /traceback /fpp
/Qdiag-disable:7416 /Qdiag-disable:7025 /Qdiag-disable:5268
/Fdsrc\libmf6core.a.p\Utilities_compilerversion.F90.pdb
/module:src\libmf6core.a.p
/Fosrc/libmf6core.a.p/Utilities_compilerversion.F90.obj /c

System command used to initiate simulation:
G:\Modflow\mf6.4.2_win64\bin\mf6.exe

MODFLOW was compiled using uniform precision.

Real Variables
  KIND: 8
  TINY (smallest non-zero value):    2.225074-308
  HUGE (largest value):    1.797693+308
  PRECISION: 15
  SIZE IN BITS: 64

Integer Variables
  KIND: 4
  HUGE (largest value): 2147483647
  SIZE IN BITS: 32

Long Integer Variables
  KIND: 8
  HUGE (largest value): 9223372036854775807
  SIZE IN BITS: 64

Logical Variables
  KIND: 4
  SIZE IN BITS: 32
 
 NAMEFILE OPTIONS:
    FLOWS WILL BE SAVED TO BUDGET FILE SPECIFIED IN OUTPUT CONTROL
 END NAMEFILE OPTIONS:

 DIS -- STRUCTURED GRID DISCRETIZATION PACKAGE, VERSION 2 : 3/27/2014 - INPUT READ FROM MEMPATH: __INPUT__/FLOW/DIS                                


 NPF -- NODE PROPERTY FLOW PACKAGE, VERSION 1, 3/30/2015 INPUT READ FROM MEMPATH: __INPUT__/FLOW/NPF                                

 Setting Discretization Options
    Model length unit [0=UND, 1=FEET, 2=METERS, 3=CENTIMETERS] set as 1
 End Setting Discretization Options

 Setting Discretization Dimensions
    NLAY = 1
    NROW = 31
    NCOL = 31
 End Setting Discretization Dimensions

 Setting Discretization Griddata
    DELR set from input file
    DELC set from input file
    TOP set from input file
    BOTM set from input file
    IDOMAIN set from input file
 End Setting Discretization Griddata

 Setting NPF Options
    Specific discharge will be calculated at cell centers and written to DATA-SPDIS in budget file when requested.
 End Setting NPF Options

 Setting NPF Griddata
    ICELLTYPE set from input file
    K set from input file
    K33 set from input file
    K22 not provided.  Setting K22 = K.
 End Setting NPF Griddata


 WEL   -- WEL PACKAGE, VERSION 8, 2/22/2014 INPUT READ FROM UNIT 1007
 # File generated by Flopy version 3.9.5 on 05/02/2026 at 14:29:55.

 PROCESSING WEL OPTIONS
    AUXILIARY WEL VARIABLE: CONCENTRATION   
 END OF WEL OPTIONS

 PROCESSING WEL DIMENSIONS
    MAXBOUND =       1
 END OF WEL DIMENSIONS

 CHD   -- CHD PACKAGE, VERSION 8, 2/22/2014 INPUT READ FROM UNIT 1008
 # File generated by Flopy version 3.9.5 on 05/02/2026 at 14:29:55.

 PROCESSING CHD OPTIONS
 END OF CHD OPTIONS

 PROCESSING CHD DIMENSIONS
    MAXBOUND =     120
 END OF CHD DIMENSIONS

 IC -- INITIAL CONDITIONS PACKAGE, VERSION 8, 3/28/2015 INPUT READ FROM UNIT 1005
 # File generated by Flopy version 3.9.5 on 05/02/2026 at 14:29:55.
 PROCESSING IC OPTIONS
 END OF IC OPTIONS
 PROCESSING GRIDDATA
 END PROCESSING GRIDDATA
    BINARY GRID INFORMATION WILL BE WRITTEN TO:
      UNIT NUMBER: 1022
      FILE NAME: flow.dis.grb

 OPENED flow.dis.grb
 FILE TYPE:DATA(BINARY)   UNIT 1022   STATUS:REPLACE             
 FORMAT:UNFORMATTED            ACCESS:STREAM              
 ACTION:READWRITE           

      THE LAST TIME STEP WILL BE PRINTED
      THE LAST TIME STEP WILL BE PRINTED
 # File generated by Flopy version 3.9.5 on 05/02/2026 at 14:29:55.

 PROCESSING OC OPTIONS

    BUDGET INFORMATION WILL BE WRITTEN TO:
      UNIT NUMBER: 1023
      FILE NAME: flow.bud

 OPENED flow.bud
 FILE TYPE:DATA(BINARY)   UNIT 1023   STATUS:REPLACE             
 FORMAT:UNFORMATTED            ACCESS:STREAM              
 ACTION:READWRITE           

    HEAD INFORMATION WILL BE WRITTEN TO:
      UNIT NUMBER: 1024
      FILE NAME: flow.hds

 OPENED flow.hds
 FILE TYPE:DATA(BINARY)   UNIT 1024   STATUS:REPLACE             
 FORMAT:UNFORMATTED            ACCESS:STREAM              
 ACTION:READWRITE           

 END OF OC OPTIONS
